Copyright 1986-2022 Xilinx, Inc. All Rights Reserved. Copyright 2022-2025 Advanced Micro Devices, Inc. All Rights Reserved.
---------------------------------------------------------------------------------------------------------------------------------------------
| Tool Version : Vivado v.2025.2 (win64) Build 6299465 Fri Nov 14 19:35:11 GMT 2025
| Date         : Fri Sep 25 13:52:05 2026
| Host         : jTower running 64-bit major release  (build 9200)
| Command      : report_timing_summary -file timing.rpt -report_unconstrained
| Design       : t1_link
| Device       : 7a200t-fbg484
| Speed File   : -1  PRODUCTION 1.23 2018-06-13
| Design State : Routed
---------------------------------------------------------------------------------------------------------------------------------------------

Timing Summary Report

------------------------------------------------------------------------------------------------
| Timer Settings
| --------------
------------------------------------------------------------------------------------------------

  Enable Multi Corner Analysis               :  Yes
  Enable Pessimism Removal                   :  Yes
  Pessimism Removal Resolution               :  Nearest Common Node
  Enable Input Delay Default Clock           :  No
  Enable Preset / Clear Arcs                 :  No
  Disable Flight Delays                      :  No
  Ignore I/O Paths                           :  No
  Timing Early Launch at Borrowing Latches   :  No
  Borrow Time for Max Delay Exceptions       :  Yes
  Merge Timing Exceptions                    :  Yes
  Inter-SLR Compensation                     :  Conservative

  Corner  Analyze    Analyze
  Name    Max Paths  Min Paths
  ------  ---------  ---------
  Slow    Yes        Yes
  Fast    Yes        Yes


------------------------------------------------------------------------------------------------
| Report Methodology
| ------------------
------------------------------------------------------------------------------------------------

No report available as report_methodology has not been run prior. Run report_methodology on the current design for the summary of methodology violations.



check_timing report

Table of Contents
-----------------
1. checking no_clock (0)
2. checking constant_clock (0)
3. checking pulse_width_clock (0)
4. checking unconstrained_internal_endpoints (0)
5. checking no_input_delay (3)
6. checking no_output_delay (0)
7. checking multiple_clock (0)
8. checking generated_clocks (0)
9. checking loops (0)
10. checking partial_input_delay (2)
11. checking partial_output_delay (0)
12. checking latch_loops (0)

1. checking no_clock (0)
------------------------
 There are 0 register/latch pins with no clock.


2. checking constant_clock (0)
------------------------------
 There are 0 register/latch pins with constant_clock.


3. checking pulse_width_clock (0)
---------------------------------
 There are 0 register/latch pins which need pulse_width check


4. checking unconstrained_internal_endpoints (0)
------------------------------------------------
 There are 0 pins that are not constrained for maximum delay.

 There are 0 pins that are not constrained for maximum delay due to constant clock.


5. checking no_input_delay (3)
------------------------------
 There are 0 input ports with no input delay specified.

 There are 3 input ports with no input delay but user has a false path constraint. (MEDIUM)


6. checking no_output_delay (0)
-------------------------------
 There are 0 ports with no output delay specified.

 There are 0 ports with no output delay but user has a false path constraint

 There are 0 ports with no output delay but with a timing clock defined on it or propagating through it


7. checking multiple_clock (0)
------------------------------
 There are 0 register/latch pins with multiple clocks.


8. checking generated_clocks (0)
--------------------------------
 There are 0 generated clocks that are not connected to a clock source.


9. checking loops (0)
---------------------
 There are 0 combinational loops in the design.


10. checking partial_input_delay (2)
------------------------------------
 There are 2 input ports with partial input delay specified. (HIGH)


11. checking partial_output_delay (0)
-------------------------------------
 There are 0 ports with partial output delay specified.


12. checking latch_loops (0)
----------------------------
 There are 0 combinational latch loops in the design through latch input



------------------------------------------------------------------------------------------------
| Design Timing Summary
| ---------------------
------------------------------------------------------------------------------------------------

    WNS(ns)      TNS(ns)  TNS Failing Endpoints  TNS Total Endpoints      WHS(ns)      THS(ns)  THS Failing Endpoints  THS Total Endpoints     WPWS(ns)     TPWS(ns)  TPWS Failing Endpoints  TPWS Total Endpoints
    -------      -------  ---------------------  -------------------      -------      -------  ---------------------  -------------------     --------     --------  ----------------------  --------------------
     10.431        0.000                      0                 3638        0.105        0.000                      0                 3636        9.500        0.000                       0                  1777


All user specified timing constraints are met.


------------------------------------------------------------------------------------------------
| Clock Summary
| -------------
------------------------------------------------------------------------------------------------

Clock   Waveform(ns)       Period(ns)      Frequency(MHz)
-----   ------------       ----------      --------------
fabric  {0.000 10.000}     20.000          50.000


------------------------------------------------------------------------------------------------
| Intra Clock Table
| -----------------
------------------------------------------------------------------------------------------------

Clock             WNS(ns)      TNS(ns)  TNS Failing Endpoints  TNS Total Endpoints      WHS(ns)      THS(ns)  THS Failing Endpoints  THS Total Endpoints     WPWS(ns)     TPWS(ns)  TPWS Failing Endpoints  TPWS Total Endpoints
-----             -------      -------  ---------------------  -------------------      -------      -------  ---------------------  -------------------     --------     --------  ----------------------  --------------------
fabric             10.431        0.000                      0                 3636        0.105        0.000                      0                 3636        9.500        0.000                       0                  1777


------------------------------------------------------------------------------------------------
| Inter Clock Table
| -----------------
------------------------------------------------------------------------------------------------

From Clock    To Clock          WNS(ns)      TNS(ns)  TNS Failing Endpoints  TNS Total Endpoints      WHS(ns)      THS(ns)  THS Failing Endpoints  THS Total Endpoints
----------    --------          -------      -------  ---------------------  -------------------      -------      -------  ---------------------  -------------------


------------------------------------------------------------------------------------------------
| Other Path Groups Table
| -----------------------
------------------------------------------------------------------------------------------------

Path Group        From Clock        To Clock              WNS(ns)      TNS(ns)  TNS Failing Endpoints  TNS Total Endpoints      WHS(ns)      THS(ns)  THS Failing Endpoints  THS Total Endpoints
----------        ----------        --------              -------      -------  ---------------------  -------------------      -------      -------  ---------------------  -------------------
**default**       fabric                                   93.184        0.000                      0                    1
**default**       input port clock                         12.235        0.000                      0                    2


------------------------------------------------------------------------------------------------
| User Ignored Path Table
| -----------------------
------------------------------------------------------------------------------------------------

Path Group    From Clock    To Clock
----------    ----------    --------
(none)
(none)        fabric
(none)                      fabric


------------------------------------------------------------------------------------------------
| Unconstrained Path Table
| ------------------------
------------------------------------------------------------------------------------------------

Path Group    From Clock    To Clock
----------    ----------    --------
(none)                      fabric


------------------------------------------------------------------------------------------------
| Timing Details
| --------------
------------------------------------------------------------------------------------------------


---------------------------------------------------------------------------------------------------
From Clock:  fabric
  To Clock:  fabric

Setup :            0  Failing Endpoints,  Worst Slack       10.431ns,  Total Violation        0.000ns
Hold  :            0  Failing Endpoints,  Worst Slack        0.105ns,  Total Violation        0.000ns
PW    :            0  Failing Endpoints,  Worst Slack        9.500ns,  Total Violation        0.000ns
---------------------------------------------------------------------------------------------------


Max Delay Paths
--------------------------------------------------------------------------------------
Slack (MET) :             10.431ns  (required time - arrival time)
  Source:                 bytes_seen_reg[4]/C
                            (rising edge-triggered cell FDRE clocked by fabric  {rise@0.000ns fall@10.000ns period=20.000ns})
  Destination:            memory_reg[87][2]/CE
                            (rising edge-triggered cell FDRE clocked by fabric  {rise@0.000ns fall@10.000ns period=20.000ns})
  Path Group:             fabric
  Path Type:              Setup (Max at Slow Process Corner)
  Requirement:            20.000ns  (fabric rise@20.000ns - fabric rise@0.000ns)
  Data Path Delay:        9.456ns  (logic 1.076ns (11.379%)  route 8.380ns (88.621%))
  Logic Levels:           5  (LUT2=1 LUT4=1 LUT6=3)
  Clock Path Skew:        0.128ns (DCD - SCD + CPR)
    Destination Clock Delay (DCD):    4.855ns = ( 24.855 - 20.000 )
    Source Clock Delay      (SCD):    4.987ns
    Clock Pessimism Removal (CPR):    0.259ns
  Clock Uncertainty:      0.035ns  ((TSJ^2 + TIJ^2)^1/2 + DJ) / 2 + PE
    Total System Jitter     (TSJ):    0.071ns
    Total Input Jitter      (TIJ):    0.000ns
    Discrete Jitter          (DJ):    0.000ns
    Phase Error              (PE):    0.000ns

    Location             Delay type                Incr(ns)  Path(ns)    Netlist Resource(s)
  -------------------------------------------------------------------    -------------------
                         (clock fabric rise edge)     0.000     0.000 r
    R4                                                0.000     0.000 r  clk50 (IN)
                         net (fo=0)                   0.000     0.000    clk50
    R4                   IBUF (Prop_ibuf_I_O)         1.005     1.005 r  clk50_IBUF_inst/O
                         net (fo=1, routed)           2.114     3.118    clk50_IBUF
    BUFGCTRL_X0Y0        BUFG (Prop_bufg_I_O)         0.096     3.214 r  clk50_IBUF_BUFG_inst/O
                         net (fo=1776, routed)        1.772     4.987    clk50_IBUF_BUFG
    SLICE_X11Y103        FDRE                                         r  bytes_seen_reg[4]/C
  -------------------------------------------------------------------    -------------------
    SLICE_X11Y103        FDRE (Prop_fdre_C_Q)         0.456     5.443 f  bytes_seen_reg[4]/Q
                         net (fo=160, routed)         2.431     7.874    bytes_seen_reg[4]
    SLICE_X14Y112        LUT2 (Prop_lut2_I0_O)        0.124     7.998 r  memory[63][7]_i_2/O
                         net (fo=19, routed)          1.416     9.414    memory[63][7]_i_2_n_0
    SLICE_X4Y108         LUT6 (Prop_lut6_I0_O)        0.124     9.538 r  crc[31]_i_4/O
                         net (fo=2, routed)           0.433     9.970    crc[31]_i_4_n_0
    SLICE_X4Y110         LUT6 (Prop_lut6_I1_O)        0.124    10.094 r  crc[31]_i_1/O
                         net (fo=45, routed)          0.377    10.472    crc[31]_i_1_n_0
    SLICE_X2Y110         LUT4 (Prop_lut4_I0_O)        0.124    10.596 r  memory[8][7]_i_2/O
                         net (fo=164, routed)         2.110    12.706    memory[8][7]_i_2_n_0
    SLICE_X12Y95         LUT6 (Prop_lut6_I5_O)        0.124    12.830 r  memory[87][7]_i_1/O
                         net (fo=8, routed)           1.614    14.443    memory[87][7]_i_1_n_0
    SLICE_X1Y84          FDRE                                         r  memory_reg[87][2]/CE
  -------------------------------------------------------------------    -------------------

                         (clock fabric rise edge)    20.000    20.000 r
    R4                                                0.000    20.000 r  clk50 (IN)
                         net (fo=0)                   0.000    20.000    clk50
    R4                   IBUF (Prop_ibuf_I_O)         0.868    20.868 r  clk50_IBUF_inst/O
                         net (fo=1, routed)           2.004    22.872    clk50_IBUF
    BUFGCTRL_X0Y0        BUFG (Prop_bufg_I_O)         0.091    22.963 r  clk50_IBUF_BUFG_inst/O
                         net (fo=1776, routed)        1.892    24.855    clk50_IBUF_BUFG
    SLICE_X1Y84          FDRE                                         r  memory_reg[87][2]/C
                         clock pessimism              0.259    25.114
                         clock uncertainty           -0.035    25.079
    SLICE_X1Y84          FDRE (Setup_fdre_C_CE)      -0.205    24.874    memory_reg[87][2]
  -------------------------------------------------------------------
                         required time                         24.874
                         arrival time                         -14.443
  -------------------------------------------------------------------
                         slack                                 10.431





Min Delay Paths
--------------------------------------------------------------------------------------
Slack (MET) :             0.105ns  (arrival time - required time)
  Source:                 rx_reg[4]_rep/C
                            (rising edge-triggered cell FDRE clocked by fabric  {rise@0.000ns fall@10.000ns period=20.000ns})
  Destination:            memory_reg[80][5]/D
                            (rising edge-triggered cell FDRE clocked by fabric  {rise@0.000ns fall@10.000ns period=20.000ns})
  Path Group:             fabric
  Path Type:              Hold (Min at Fast Process Corner)
  Requirement:            0.000ns  (fabric rise@0.000ns - fabric rise@0.000ns)
  Data Path Delay:        0.375ns  (logic 0.141ns (37.578%)  route 0.234ns (62.422%))
  Logic Levels:           0
  Clock Path Skew:        0.200ns (DCD - SCD - CPR)
    Destination Clock Delay (DCD):    2.053ns
    Source Clock Delay      (SCD):    1.558ns
    Clock Pessimism Removal (CPR):    0.295ns

    Location             Delay type                Incr(ns)  Path(ns)    Netlist Resource(s)
  -------------------------------------------------------------------    -------------------
                         (clock fabric rise edge)     0.000     0.000 r
    R4                                                0.000     0.000 r  clk50 (IN)
                         net (fo=0)                   0.000     0.000    clk50
    R4                   IBUF (Prop_ibuf_I_O)         0.162     0.162 r  clk50_IBUF_inst/O
                         net (fo=1, routed)           0.676     0.838    clk50_IBUF
    BUFGCTRL_X0Y0        BUFG (Prop_bufg_I_O)         0.026     0.864 r  clk50_IBUF_BUFG_inst/O
                         net (fo=1776, routed)        0.694     1.558    clk50_IBUF_BUFG
    SLICE_X9Y99          FDRE                                         r  rx_reg[4]_rep/C
  -------------------------------------------------------------------    -------------------
    SLICE_X9Y99          FDRE (Prop_fdre_C_Q)         0.141     1.699 r  rx_reg[4]_rep/Q
                         net (fo=64, routed)          0.234     1.933    rx_reg[4]_rep_n_0
    SLICE_X9Y100         FDRE                                         r  memory_reg[80][5]/D
  -------------------------------------------------------------------    -------------------

                         (clock fabric rise edge)     0.000     0.000 r
    R4                                                0.000     0.000 r  clk50 (IN)
                         net (fo=0)                   0.000     0.000    clk50
    R4                   IBUF (Prop_ibuf_I_O)         0.391     0.391 r  clk50_IBUF_inst/O
                         net (fo=1, routed)           0.734     1.124    clk50_IBUF
    BUFGCTRL_X0Y0        BUFG (Prop_bufg_I_O)         0.029     1.153 r  clk50_IBUF_BUFG_inst/O
                         net (fo=1776, routed)        0.900     2.053    clk50_IBUF_BUFG
    SLICE_X9Y100         FDRE                                         r  memory_reg[80][5]/C
                         clock pessimism             -0.295     1.758
    SLICE_X9Y100         FDRE (Hold_fdre_C_D)         0.070     1.828    memory_reg[80][5]
  -------------------------------------------------------------------
                         required time                         -1.828
                         arrival time                           1.933
  -------------------------------------------------------------------
                         slack                                  0.105





Pulse Width Checks
--------------------------------------------------------------------------------------
Clock Name:         fabric
Waveform(ns):       { 0.000 10.000 }
Period(ns):         20.000
Sources:            { clk50 }

Check Type        Corner  Lib Pin  Reference Pin  Required(ns)  Actual(ns)  Slack(ns)  Location       Pin
Min Period        n/a     BUFG/I   n/a            2.155         20.000      17.845     BUFGCTRL_X0Y0  clk50_IBUF_BUFG_inst/I
Low Pulse Width   Slow    FDRE/C   n/a            0.500         10.000      9.500      SLICE_X1Y101   ack_reg[0]/C
High Pulse Width  Slow    FDRE/C   n/a            0.500         10.000      9.500      SLICE_X1Y101   ack_reg[0]/C



---------------------------------------------------------------------------------------------------
Path Group:  **default**
From Clock:  fabric
  To Clock:

Setup :            0  Failing Endpoints,  Worst Slack       93.184ns,  Total Violation        0.000ns
Hold  :           NA  Failing Endpoints,  Worst Slack           NA  ,  Total Violation           NA
---------------------------------------------------------------------------------------------------


Max Delay Paths
--------------------------------------------------------------------------------------
Slack (MET) :             93.184ns  (required time - arrival time)
  Source:                 tx_reg[7]/C
                            (rising edge-triggered cell FDRE clocked by fabric  {rise@0.000ns fall@10.000ns period=20.000ns})
  Destination:            dq1
  Path Group:             **default**
  Path Type:              Max at Slow Process Corner
  Requirement:            100.000ns  (MaxDelay Path 100.000ns)
  Data Path Delay:        6.816ns  (logic 4.733ns (69.436%)  route 2.083ns (30.564%))
  Logic Levels:           1  (OBUFT=1)
  Output Delay:           0.000ns
  Timing Exception:       MaxDelay Path 100.000ns -datapath_only

    Location             Delay type                Incr(ns)  Path(ns)    Netlist Resource(s)
  -------------------------------------------------------------------    -------------------
    SLICE_X7Y109                                      0.000     0.000 r  tx_reg[7]/C
    SLICE_X7Y109         FDRE (Prop_fdre_C_Q)         0.456     0.456 r  tx_reg[7]/Q
                         net (fo=1, routed)           2.083     2.539    dq1_OBUF
    V19                  OBUFT (Prop_obuft_I_O)       4.277     6.816 r  dq1_OBUFT_inst/O
                         net (fo=0)                   0.000     6.816    dq1
    V19                                                               r  dq1 (OUT)
  -------------------------------------------------------------------    -------------------

                         max delay                  100.000   100.000
                         output delay                -0.000   100.000
  -------------------------------------------------------------------
                         required time                        100.000
                         arrival time                          -6.816
  -------------------------------------------------------------------
                         slack                                 93.184





---------------------------------------------------------------------------------------------------
Path Group:  **default**
From Clock:  input port clock
  To Clock:

Setup :            0  Failing Endpoints,  Worst Slack       12.235ns,  Total Violation        0.000ns
Hold  :           NA  Failing Endpoints,  Worst Slack           NA  ,  Total Violation           NA
---------------------------------------------------------------------------------------------------


Max Delay Paths
--------------------------------------------------------------------------------------
Slack (MET) :             12.235ns  (required time - arrival time)
  Source:                 uart_rx
                            (input port)
  Destination:            uart_tx
  Path Group:             **default**
  Path Type:              Max at Slow Process Corner
  Requirement:            20.000ns  (MaxDelay Path 20.000ns)
  Data Path Delay:        7.765ns  (logic 5.833ns (75.122%)  route 1.932ns (24.878%))
  Logic Levels:           2  (IBUF=1 OBUF=1)
  Output Delay:           0.000ns
  Timing Exception:       MaxDelay Path 20.000ns -datapath_only

    Location             Delay type                Incr(ns)  Path(ns)    Netlist Resource(s)
  -------------------------------------------------------------------    -------------------
    AA21                                              0.000     0.000 r  uart_rx (IN)
                         net (fo=0)                   0.000     0.000    uart_rx
    AA21                 IBUF (Prop_ibuf_I_O)         1.532     1.532 r  uart_rx_IBUF_inst/O
                         net (fo=1, routed)           1.932     3.464    uart_tx_OBUF
    AA20                 OBUF (Prop_obuf_I_O)         4.301     7.765 r  uart_tx_OBUF_inst/O
                         net (fo=0)                   0.000     7.765    uart_tx
    AA20                                                              r  uart_tx (OUT)
  -------------------------------------------------------------------    -------------------

                         max delay                   20.000    20.000
                         output delay                -0.000    20.000
  -------------------------------------------------------------------
                         required time                         20.000
                         arrival time                          -7.765
  -------------------------------------------------------------------
                         slack                                 12.235





--------------------------------------------------------------------------------------
Path Group:  (none)
From Clock:
  To Clock:

Max Delay             0 Endpoints
Min Delay             2 Endpoints
--------------------------------------------------------------------------------------


Min Delay Paths
--------------------------------------------------------------------------------------
Slack:                    inf
  Source:                 cs_n
                            (input port)
  Destination:            dq1
                            (output port)
  Path Group:             (none)
  Path Type:              Min at Fast Process Corner
  Data Path Delay:        1.816ns  (logic 1.102ns (60.695%)  route 0.714ns (39.305%))
  Logic Levels:           2  (IBUF=1 OBUFT=1)
  Timing Exception:       False Path

    Location             Delay type                Incr(ns)  Path(ns)    Netlist Resource(s)
  -------------------------------------------------------------------    -------------------
    W20                                               0.000     0.000 r  cs_n (IN)
                         net (fo=0)                   0.000     0.000    cs_n
    W20                  IBUF (Prop_ibuf_I_O)         0.278     0.278 r  cs_n_IBUF_inst/O
                         net (fo=2, routed)           0.714     0.992    dq1_TRI
    V19                  OBUFT (TriStatD_obuft_T_O)
                                                      0.824     1.816 r  dq1_OBUFT_inst/O
                         net (fo=0)                   0.000     1.816    dq1
    V19                                                               r  dq1 (OUT)
  -------------------------------------------------------------------    -------------------





--------------------------------------------------------------------------------------
Path Group:  (none)
From Clock:  fabric
  To Clock:

Max Delay             0 Endpoints
Min Delay             1 Endpoint
--------------------------------------------------------------------------------------


Min Delay Paths
--------------------------------------------------------------------------------------
Slack:                    inf
  Source:                 tx_reg[7]/C
                            (rising edge-triggered cell FDRE clocked by fabric  {rise@0.000ns fall@10.000ns period=20.000ns})
  Destination:            dq1
                            (output port)
  Path Group:             (none)
  Path Type:              Min at Fast Process Corner
  Data Path Delay:        3.615ns  (logic 3.104ns (85.883%)  route 0.510ns (14.117%))
  Logic Levels:           1  (OBUFT=1)
  Clock Uncertainty:      0.025ns  ((TSJ^2 + TIJ^2)^1/2 + DJ) / 2 + PE
    Total System Jitter     (TSJ):    0.050ns
    Total Input Jitter      (TIJ):    0.000ns
    Discrete Jitter          (DJ):    0.000ns
    Phase Error              (PE):    0.000ns
  Timing Exception:       False Path

    Location             Delay type                Incr(ns)  Path(ns)    Netlist Resource(s)
  -------------------------------------------------------------------    -------------------
                         (clock fabric rise edge)     0.000     0.000 r
    R4                                                0.000     0.000 r  clk50 (IN)
                         net (fo=0)                   0.000     0.000    clk50
    R4                   IBUF (Prop_ibuf_I_O)         0.162     0.162 r  clk50_IBUF_inst/O
                         net (fo=1, routed)           0.676     0.838    clk50_IBUF
    BUFGCTRL_X0Y0        BUFG (Prop_bufg_I_O)         0.026     0.864 r  clk50_IBUF_BUFG_inst/O
                         net (fo=1776, routed)        0.653     1.516    clk50_IBUF_BUFG
    SLICE_X7Y109         FDRE                                         r  tx_reg[7]/C
  -------------------------------------------------------------------    -------------------
    SLICE_X7Y109         FDRE (Prop_fdre_C_Q)         0.141     1.657 r  tx_reg[7]/Q
                         net (fo=1, routed)           0.510     2.168    dq1_OBUF
    V19                  OBUFT (Prop_obuft_I_O)       2.963     5.131 r  dq1_OBUFT_inst/O
                         net (fo=0)                   0.000     5.131    dq1
    V19                                                               r  dq1 (OUT)
  -------------------------------------------------------------------    -------------------





--------------------------------------------------------------------------------------
Path Group:  (none)
From Clock:
  To Clock:  fabric

Max Delay             4 Endpoints
Min Delay             4 Endpoints
--------------------------------------------------------------------------------------


Max Delay Paths
--------------------------------------------------------------------------------------
Slack:                    inf
  Source:                 reset_n
                            (input port)
  Destination:            rst_sync_reg[0]/CLR
                            (recovery check against rising-edge clock fabric  {rise@0.000ns fall@10.000ns period=20.000ns})
  Path Group:             (none)
  Path Type:              Recovery (Max at Slow Process Corner)
  Data Path Delay:        4.189ns  (logic 1.667ns (39.806%)  route 2.521ns (60.194%))
  Logic Levels:           2  (IBUF=1 LUT1=1)
  Clock Path Skew:        4.689ns (DCD - SCD + CPR)
    Destination Clock Delay (DCD):    4.689ns
    Source Clock Delay      (SCD):    0.000ns
    Clock Pessimism Removal (CPR):    0.000ns
  Clock Uncertainty:      0.025ns  ((TSJ^2 + TIJ^2)^1/2 + DJ) / 2 + PE
    Total System Jitter     (TSJ):    0.050ns
    Total Input Jitter      (TIJ):    0.000ns
    Discrete Jitter          (DJ):    0.000ns
    Phase Error              (PE):    0.000ns
  Timing Exception:       False Path

    Location             Delay type                Incr(ns)  Path(ns)    Netlist Resource(s)
  -------------------------------------------------------------------    -------------------
    AB22                                              0.000     0.000 r  reset_n (IN)
                         net (fo=0)                   0.000     0.000    reset_n
    AB22                 IBUF (Prop_ibuf_I_O)         1.543     1.543 r  reset_n_IBUF_inst/O
                         net (fo=1, routed)           1.832     3.376    reset_n_IBUF
    SLICE_X3Y115         LUT1 (Prop_lut1_I0_O)        0.124     3.500 f  rst_sync[2]_i_1/O
                         net (fo=3, routed)           0.689     4.189    rst_sync[2]_i_1_n_0
    SLICE_X6Y115         FDCE                                         f  rst_sync_reg[0]/CLR
  -------------------------------------------------------------------    -------------------

                         (clock fabric rise edge)     0.000     0.000 r
    R4                                                0.000     0.000 r  clk50 (IN)
                         net (fo=0)                   0.000     0.000    clk50
    R4                   IBUF (Prop_ibuf_I_O)         0.868     0.868 r  clk50_IBUF_inst/O
                         net (fo=1, routed)           2.004     2.872    clk50_IBUF
    BUFGCTRL_X0Y0        BUFG (Prop_bufg_I_O)         0.091     2.963 r  clk50_IBUF_BUFG_inst/O
                         net (fo=1776, routed)        1.725     4.689    clk50_IBUF_BUFG
    SLICE_X6Y115         FDCE                                         r  rst_sync_reg[0]/C





Min Delay Paths
--------------------------------------------------------------------------------------
Slack:                    inf
  Source:                 cs_n
                            (input port)
  Destination:            cs_reg[0]/D
                            (rising edge-triggered cell FDRE clocked by fabric  {rise@0.000ns fall@10.000ns period=20.000ns})
  Path Group:             (none)
  Path Type:              Hold (Min at Fast Process Corner)
  Data Path Delay:        0.807ns  (logic 0.278ns (34.448%)  route 0.529ns (65.552%))
  Logic Levels:           1  (IBUF=1)
  Clock Path Skew:        2.075ns (DCD - SCD - CPR)
    Destination Clock Delay (DCD):    2.075ns
    Source Clock Delay      (SCD):    0.000ns
    Clock Pessimism Removal (CPR):    -0.000ns
  Timing Exception:       False Path

    Location             Delay type                Incr(ns)  Path(ns)    Netlist Resource(s)
  -------------------------------------------------------------------    -------------------
    W20                                               0.000     0.000 r  cs_n (IN)
                         net (fo=0)                   0.000     0.000    cs_n
    W20                  IBUF (Prop_ibuf_I_O)         0.278     0.278 r  cs_n_IBUF_inst/O
                         net (fo=2, routed)           0.529     0.807    dq1_TRI
    SLICE_X0Y116         FDRE                                         r  cs_reg[0]/D
  -------------------------------------------------------------------    -------------------

                         (clock fabric rise edge)     0.000     0.000 r
    R4                                                0.000     0.000 r  clk50 (IN)
                         net (fo=0)                   0.000     0.000    clk50
    R4                   IBUF (Prop_ibuf_I_O)         0.391     0.391 r  clk50_IBUF_inst/O
                         net (fo=1, routed)           0.734     1.124    clk50_IBUF
    BUFGCTRL_X0Y0        BUFG (Prop_bufg_I_O)         0.029     1.153 r  clk50_IBUF_BUFG_inst/O
                         net (fo=1776, routed)        0.922     2.075    clk50_IBUF_BUFG
    SLICE_X0Y116         FDRE                                         r  cs_reg[0]/C





--------------------------------------------------------------------------------------
Path Group:  (none)
From Clock:
  To Clock:  fabric

Max Delay             2 Endpoints
Min Delay             2 Endpoints
--------------------------------------------------------------------------------------


Max Delay Paths
--------------------------------------------------------------------------------------
Slack:                    inf
  Source:                 sclk
                            (input port)
  Destination:            ck_reg[0]/D
                            (rising edge-triggered cell FDRE clocked by fabric  {rise@0.000ns fall@10.000ns period=20.000ns})
  Path Group:             (none)
  Path Type:              Setup (Max at Slow Process Corner)
  Data Path Delay:        2.875ns  (logic 1.509ns (52.491%)  route 1.366ns (47.509%))
  Logic Levels:           1  (IBUF=1)
  Clock Path Skew:        4.694ns (DCD - SCD + CPR)
    Destination Clock Delay (DCD):    4.694ns
    Source Clock Delay      (SCD):    0.000ns
    Clock Pessimism Removal (CPR):    0.000ns
  Clock Uncertainty:      0.025ns  ((TSJ^2 + TIJ^2)^1/2 + DJ) / 2 + PE
    Total System Jitter     (TSJ):    0.050ns
    Total Input Jitter      (TIJ):    0.000ns
    Discrete Jitter          (DJ):    0.000ns
    Phase Error              (PE):    0.000ns

    Location             Delay type                Incr(ns)  Path(ns)    Netlist Resource(s)
  -------------------------------------------------------------------    -------------------
    W19                                               0.000     0.000 r  sclk (IN)
                         net (fo=0)                   0.000     0.000    sclk
    W19                  IBUF (Prop_ibuf_I_O)         1.509     1.509 r  sclk_IBUF_inst/O
                         net (fo=1, routed)           1.366     2.875    sclk_IBUF
    SLICE_X0Y110         FDRE                                         r  ck_reg[0]/D
  -------------------------------------------------------------------    -------------------

                         (clock fabric rise edge)     0.000     0.000 r
    R4                                                0.000     0.000 r  clk50 (IN)
                         net (fo=0)                   0.000     0.000    clk50
    R4                   IBUF (Prop_ibuf_I_O)         0.868     0.868 r  clk50_IBUF_inst/O
                         net (fo=1, routed)           2.004     2.872    clk50_IBUF
    BUFGCTRL_X0Y0        BUFG (Prop_bufg_I_O)         0.091     2.963 r  clk50_IBUF_BUFG_inst/O
                         net (fo=1776, routed)        1.730     4.694    clk50_IBUF_BUFG
    SLICE_X0Y110         FDRE                                         r  ck_reg[0]/C





Min Delay Paths
--------------------------------------------------------------------------------------
Slack:                    inf
  Source:                 dq0
                            (input port)
  Destination:            di_reg[0]/D
                            (rising edge-triggered cell FDRE clocked by fabric  {rise@0.000ns fall@10.000ns period=20.000ns})
  Path Group:             (none)
  Path Type:              Hold (Min at Fast Process Corner)
  Data Path Delay:        0.614ns  (logic 0.273ns (44.413%)  route 0.342ns (55.587%))
  Logic Levels:           1  (IBUF=1)
  Clock Path Skew:        2.070ns (DCD - SCD - CPR)
    Destination Clock Delay (DCD):    2.070ns
    Source Clock Delay      (SCD):    0.000ns
    Clock Pessimism Removal (CPR):    -0.000ns

    Location             Delay type                Incr(ns)  Path(ns)    Netlist Resource(s)
  -------------------------------------------------------------------    -------------------
    V18                                               0.000     0.000 r  dq0 (IN)
                         net (fo=0)                   0.000     0.000    dq0
    V18                  IBUF (Prop_ibuf_I_O)         0.273     0.273 r  dq0_IBUF_inst/O
                         net (fo=1, routed)           0.342     0.614    dq0_IBUF
    SLICE_X0Y121         FDRE                                         r  di_reg[0]/D
  -------------------------------------------------------------------    -------------------

                         (clock fabric rise edge)     0.000     0.000 r
    R4                                                0.000     0.000 r  clk50 (IN)
                         net (fo=0)                   0.000     0.000    clk50
    R4                   IBUF (Prop_ibuf_I_O)         0.391     0.391 r  clk50_IBUF_inst/O
                         net (fo=1, routed)           0.734     1.124    clk50_IBUF
    BUFGCTRL_X0Y0        BUFG (Prop_bufg_I_O)         0.029     1.153 r  clk50_IBUF_BUFG_inst/O
                         net (fo=1776, routed)        0.917     2.070    clk50_IBUF_BUFG
    SLICE_X0Y121         FDRE                                         r  di_reg[0]/C





